[15:46:46.557][INFO][CraftTweaker-EarlyInit]: CraftTweaker is running on a Minecraft 1.20.1 production server modded with platform Forge
[15:46:46.675][INFO][CraftTweaker-EarlyInit]: Successfully injected RecipeFS file system
[15:46:46.785][INFO][CraftTweaker-Plugins]: Successfully identified and loaded plugin crafttweaker:builtin
[15:46:46.793][INFO][CraftTweaker-Plugins]: Successfully identified and loaded plugin crafttweaker:builtin_forge
[15:46:46.795][INFO][CraftTweaker-Plugins]: Successfully identified and loaded plugin createtweaker:main
[15:46:46.801][INFO][CraftTweaker-Plugins]: Successfully identified and loaded plugin farmersdelight:crafttweaker_plugin
[15:46:46.806][INFO][CraftTweaker-Plugins]: Successfully identified and loaded plugin mekanism:crt_plugin
[15:46:46.807][INFO][CraftTweaker-Plugins]: Successfully identified and loaded plugin refurbished_furniture:plugin
[15:46:49.274][INFO][CraftTweaker]: The following mods have explicit CraftTweaker support through the default plugin:
[15:46:49.275][INFO][CraftTweaker]: - 'crafttweaker' at version '14.0.59'
[15:46:49.276][INFO][CraftTweaker]: - 'createtweaker' at version '4.0.15'
[15:46:49.276][INFO][CraftTweaker]: - 'farmersdelight' at version '1.20.1-1.2.10'
[15:46:49.276][INFO][CraftTweaker]: - 'immersiveengineering' at version '1.20.1-10.2.0-183'
[15:46:49.276][INFO][CraftTweaker]: - 'mekanism' at version '10.4.16'
[15:46:49.276][INFO][CraftTweaker]: - 'refurbished_furniture' at version '1.0.20'
[15:46:58.890][INFO][CraftTweaker-ZenCode]: Started loading scripts for loader 'mekanismcontent'
[15:46:59.119][INFO][CraftTweaker-ZenCode]: Compiling and executing scripts
[15:46:59.607][INFO][CraftTweaker-ZenCode]: Successfully initialized modules [mods, crafttweaker, expansions]
[15:46:59.696][INFO][CraftTweaker-ZenCode]: Execution for loader 'mekanismcontent' completed successfully
[15:46:59.697][INFO][Mekanism]: Registering 0 custom gases.
[15:46:59.704][INFO][Mekanism]: Registering 0 custom infuse types.
[15:46:59.722][INFO][Mekanism]: Registering 0 custom pigments.
[15:46:59.736][INFO][Mekanism]: Registering 0 custom slurries.
[15:47:00.862][INFO][CraftTweaker-ZenCode]: Started loading scripts for loader 'initialize'
[15:47:00.943][INFO][CraftTweaker-ZenCode]: Compiling and executing scripts
[15:47:00.944][INFO][CraftTweaker-ZenCode]: Successfully initialized modules [crafttweaker, expansions]
[15:47:00.968][INFO][CraftTweaker-ZenCode]: Execution for loader 'initialize' completed successfully
[15:47:46.910][INFO][CraftTweaker-ZenCode]: Started loading scripts for loader 'tags'
[15:47:46.929][INFO][CraftTweaker-ZenCode]: Compiling and executing scripts
[15:47:46.934][INFO][CraftTweaker-ZenCode]: Successfully initialized modules [crafttweaker, expansions]
[15:47:46.945][INFO][CraftTweaker-ZenCode]: Execution for loader 'tags' completed successfully
[15:47:48.821][INFO][CraftTweaker]: crafttweaker.reload.start
[15:47:48.830][INFO][CraftTweaker-ZenCode]: Started loading scripts for loader 'crafttweaker'
[15:47:48.847][INFO][CraftTweaker-ZenCode]: Compiling and executing scripts
[15:47:48.957][INFO][CraftTweaker-ZenCode]: Successfully initialized modules [mods, crafttweaker, expansions]
[15:47:48.968][INFO][CraftTweaker-ZenCode]: Execution for loader 'crafttweaker' completed successfully
[15:47:48.969][INFO][CraftTweaker]: crafttweaker.reload.complete
